RES: {"response":"Hey 👋 I’m JEC Buddy! Your college guide. How can I help you today?","suggestions":["Admission process","Fee structure","Departments"],"tag":"greeting","confidence":0.626}